/home/vietspaceanh/.miktex/texmfs/install/tex/latex/biblatex/bbx/authortitle-ticomp.bbx
/home/vietspaceanh/.miktex/texmfs/install/tex/latex/biblatex/bbx/numeric-verb.bbx
/home/vietspaceanh/.miktex/texmfs/install/tex/latex/biblatex/bbx/verbose-ibid.bbx
/home/vietspaceanh/.miktex/texmfs/install/tex/latex/biblatex/bbx/authortitle-icomp.bbx
/home/vietspaceanh/.miktex/texmfs/install/tex/latex/biblatex/bbx/verbose-trad3.bbx
/home/vietspaceanh/.miktex/texmfs/install/tex/latex/biblatex/bbx/standard.bbx
/home/vietspaceanh/.miktex/texmfs/install/tex/latex/biblatex/bbx/authortitle-ibid.bbx
/home/vietspaceanh/.miktex/texmfs/install/tex/latex/biblatex/bbx/alphabetic-verb.bbx
/home/vietspaceanh/.miktex/texmfs/install/tex/latex/biblatex/bbx/authortitle-tcomp.bbx
/home/vietspaceanh/.miktex/texmfs/install/tex/latex/biblatex/bbx/alphabetic.bbx
/home/vietspaceanh/.miktex/texmfs/install/tex/latex/biblatex/bbx/authoryear-icomp.bbx
/home/vietspaceanh/.miktex/texmfs/install/tex/latex/biblatex/bbx/authortitle-terse.bbx
/home/vietspaceanh/.miktex/texmfs/install/tex/latex/biblatex/bbx/authoryear-comp.bbx
/home/vietspaceanh/.miktex/texmfs/install/tex/latex/biblatex/bbx/verbose-trad1.bbx
/home/vietspaceanh/.miktex/texmfs/install/tex/latex/biblatex/bbx/verbose-inote.bbx
/home/vietspaceanh/.miktex/texmfs/install/tex/latex/biblatex/bbx/debug.bbx
/home/vietspaceanh/.miktex/texmfs/install/tex/latex/biblatex/bbx/draft.bbx
/home/vietspaceanh/.miktex/texmfs/install/tex/latex/biblatex/bbx/numeric-comp.bbx
/home/vietspaceanh/.miktex/texmfs/install/tex/latex/biblatex/bbx/authortitle.bbx
/home/vietspaceanh/.miktex/texmfs/install/tex/latex/biblatex/bbx/authoryear-ibid.bbx
/home/vietspaceanh/.miktex/texmfs/install/tex/latex/biblatex/bbx/authoryear.bbx
/home/vietspaceanh/.miktex/texmfs/install/tex/latex/biblatex/bbx/reading.bbx
/home/vietspaceanh/.miktex/texmfs/install/tex/latex/biblatex/bbx/numeric.bbx
/home/vietspaceanh/.miktex/texmfs/install/tex/latex/biblatex/bbx/verbose-note.bbx
/home/vietspaceanh/.miktex/texmfs/install/tex/latex/biblatex/bbx/verbose-trad2.bbx
/home/vietspaceanh/.miktex/texmfs/install/tex/latex/biblatex/bbx/verbose.bbx
/home/vietspaceanh/.miktex/texmfs/install/tex/latex/biblatex/bbx/authortitle-comp.bbx
