/home/vietspaceanh/.miktex/texmfs/install/tex/latex/biblatex/cbx/numeric-verb.cbx
/home/vietspaceanh/.miktex/texmfs/install/tex/latex/biblatex/cbx/verbose-trad3.cbx
/home/vietspaceanh/.miktex/texmfs/install/tex/latex/biblatex/cbx/debug.cbx
/home/vietspaceanh/.miktex/texmfs/install/tex/latex/biblatex/cbx/draft.cbx
/home/vietspaceanh/.miktex/texmfs/install/tex/latex/biblatex/cbx/alphabetic-verb.cbx
/home/vietspaceanh/.miktex/texmfs/install/tex/latex/biblatex/cbx/verbose-trad1.cbx
/home/vietspaceanh/.miktex/texmfs/install/tex/latex/biblatex/cbx/authortitle-terse.cbx
/home/vietspaceanh/.miktex/texmfs/install/tex/latex/biblatex/cbx/reading.cbx
/home/vietspaceanh/.miktex/texmfs/install/tex/latex/biblatex/cbx/authortitle-ibid.cbx
/home/vietspaceanh/.miktex/texmfs/install/tex/latex/biblatex/cbx/authortitle.cbx
/home/vietspaceanh/.miktex/texmfs/install/tex/latex/biblatex/cbx/verbose-trad2.cbx
/home/vietspaceanh/.miktex/texmfs/install/tex/latex/biblatex/cbx/authortitle-icomp.cbx
/home/vietspaceanh/.miktex/texmfs/install/tex/latex/biblatex/cbx/numeric.cbx
/home/vietspaceanh/.miktex/texmfs/install/tex/latex/biblatex/cbx/authortitle-tcomp.cbx
/home/vietspaceanh/.miktex/texmfs/install/tex/latex/biblatex/cbx/authoryear-ibid.cbx
/home/vietspaceanh/.miktex/texmfs/install/tex/latex/biblatex/cbx/verbose-inote.cbx
/home/vietspaceanh/.miktex/texmfs/install/tex/latex/biblatex/cbx/authoryear-icomp.cbx
/home/vietspaceanh/.miktex/texmfs/install/tex/latex/biblatex/cbx/verbose-note.cbx
/home/vietspaceanh/.miktex/texmfs/install/tex/latex/biblatex/cbx/verbose-ibid.cbx
/home/vietspaceanh/.miktex/texmfs/install/tex/latex/biblatex/cbx/authoryear.cbx
/home/vietspaceanh/.miktex/texmfs/install/tex/latex/biblatex/cbx/alphabetic.cbx
/home/vietspaceanh/.miktex/texmfs/install/tex/latex/biblatex/cbx/numeric-comp.cbx
/home/vietspaceanh/.miktex/texmfs/install/tex/latex/biblatex/cbx/authoryear-comp.cbx
/home/vietspaceanh/.miktex/texmfs/install/tex/latex/biblatex/cbx/authortitle-ticomp.cbx
/home/vietspaceanh/.miktex/texmfs/install/tex/latex/biblatex/cbx/verbose.cbx
/home/vietspaceanh/.miktex/texmfs/install/tex/latex/biblatex/cbx/authortitle-comp.cbx
