/home/vietspaceanh/.miktex/texmfs/install/tex/latex/standalone/standalone.cls
/home/vietspaceanh/.miktex/texmfs/install/tex/latex/base/ltnews.cls
/home/vietspaceanh/.miktex/texmfs/install/tex/latex/base/minimal.cls
/home/vietspaceanh/.miktex/texmfs/install/tex/latex/base/book.cls
/home/vietspaceanh/.miktex/texmfs/install/tex/latex/base/source2edoc.cls
/home/vietspaceanh/.miktex/texmfs/install/tex/latex/base/ltxguide.cls
/home/vietspaceanh/.miktex/texmfs/install/tex/latex/base/ltxdoc.cls
/home/vietspaceanh/.miktex/texmfs/install/tex/latex/base/article.cls
/home/vietspaceanh/.miktex/texmfs/install/tex/latex/base/slides.cls
/home/vietspaceanh/.miktex/texmfs/install/tex/latex/base/report.cls
/home/vietspaceanh/.miktex/texmfs/install/tex/latex/base/proc.cls
/home/vietspaceanh/.miktex/texmfs/install/tex/latex/base/letter.cls
/home/vietspaceanh/.miktex/texmfs/install/tex/latex/l3kernel/l3doc.cls
/home/vietspaceanh/.miktex/texmfs/install/tex/latex/xkeyval/xkveca.cls
/home/vietspaceanh/.miktex/texmfs/install/tex/latex/xkeyval/xkvecb.cls
