ec
accents
achicago
algorithm
algorithm2e
amsmath
amstext
apacite
apalike
arabi
array
authordate1-4
babel
beamerposter
biblatex
bibtopic
bicaption
bidi
bm
booktabs
braille
breakurl
CJKutf8
calc
cancel
chapterbib
chemgreek
chicago
color
covington
csquotes
cyrillic
endnotes
enumitem
environ
esint
eso-pic
fancybox
fancyhdr
filehook
fixltx2e
fix-cm
float
fontspec
footmisc
footnote
footnotehyper
forest
framed
geometry
graphicx
greek-inputenc
harvard
hhline
hyperref
hyphenat
iftex
ifthen
japanese
jurabib
lettrine
listings
lithuanian
longtable
lscape
luainputenc
mathdots
mathrsfs
mathtools
mhchem
mongolian
mslapa
multirow
natbib
nicefrac
nomencl
paralist
pdfcolmk
pdflscape
polyglossia
pdfcomment
pdfpages
pgf
prettyref
preview
refstyle
rotating
rotfloat
sectionbox
serbianc
setspace
slashed
soul
splitidx
stackrel
stmaryrd
subfig
tablefootnote
tcolorbox
textcomp
thswitch
turkmen
ulem
undertilde
unicode-math
units
url
varioref
varwidth
wallpaper
wrapfig
xargs
xcolor
xetex-def
xkeyval
arydshln
braket
cancel
caption
colortbl
diagbox
etoolbox
eurosym
fp
makecmds
marginnote
picinpar
pict2e
sidecap
upgreek
psnfss
avant
bookman
chancery
charter
cochineal
courier
crimson
helvet
mathpazo
mathpple
mathptm
mathptmx
newcent
pifont
utopia
ae
bera
biolinum
ccfonts
concrete
ecc
concmath
cmbright
eco
eulervm
feyn
fourier
iwona
kurier
lh-lcy
fontaxes
libertine
libertineMono
libertineRoman
lmodern
luximono
mathdesign
mdbch
mdput
mdugm
menukeys
newtxmath
noto
binhex
symbol
tgadventor
tgbonum
tgchorus
tgcursor
tgheros
tgpagella
tgschola
tgtermes
tipa
tipx
tone
txfonts
ascii
bbding
ifsym
marvosym
pmboxdraw
textgreek
tfrupee
wasy
wasysym
shapepar
rsphrase
todonotes
covington
enumitem
forest
bicaption
algorithm2e
natbib
apacite
multicol
fixme
fancyvrb
enumitem
endnotes
sectionbox
braille
fancyhdr
tcolorbox
environ
etoolbox
pgf
hpstatement
changebar
paralist
datetime
fmtcount
endnotes
biblatex
natbib
biblatex
jurabib
