/home/vietspaceanh/.miktex/texmfs/install/tex/generic/luatex85/luatex85.sty
/home/vietspaceanh/.miktex/texmfs/install/tex/generic/pdftexcmds/pdftexcmds.sty
/home/vietspaceanh/.miktex/texmfs/install/tex/generic/dvips/colordvi.sty
/home/vietspaceanh/.miktex/texmfs/install/tex/generic/dvips/rotate.sty
/home/vietspaceanh/.miktex/texmfs/install/tex/generic/dvips/blackdvi.sty
/home/vietspaceanh/.miktex/texmfs/install/tex/generic/iftex/ifpdf.sty
/home/vietspaceanh/.miktex/texmfs/install/tex/generic/iftex/ifluatex.sty
/home/vietspaceanh/.miktex/texmfs/install/tex/generic/iftex/ifxetex.sty
/home/vietspaceanh/.miktex/texmfs/install/tex/generic/iftex/iftex.sty
/home/vietspaceanh/.miktex/texmfs/install/tex/generic/iftex/ifvtex.sty
/home/vietspaceanh/.miktex/texmfs/install/tex/generic/iftex/ifetex.sty
/home/vietspaceanh/.miktex/texmfs/install/tex/generic/babel/bulgarian.sty
/home/vietspaceanh/.miktex/texmfs/install/tex/generic/babel/naustrian.sty
/home/vietspaceanh/.miktex/texmfs/install/tex/generic/babel/ngermanb.sty
/home/vietspaceanh/.miktex/texmfs/install/tex/generic/babel/francais.sty
/home/vietspaceanh/.miktex/texmfs/install/tex/generic/babel/lsorbian.sty
/home/vietspaceanh/.miktex/texmfs/install/tex/generic/babel/russianb.sty
/home/vietspaceanh/.miktex/texmfs/install/tex/generic/babel/germanb.sty
/home/vietspaceanh/.miktex/texmfs/install/tex/generic/babel/babel.sty
/home/vietspaceanh/.miktex/texmfs/install/tex/generic/babel/dutch.sty
/home/vietspaceanh/.miktex/texmfs/install/tex/generic/babel/english.sty
/home/vietspaceanh/.miktex/texmfs/install/tex/generic/babel/bahasa.sty
/home/vietspaceanh/.miktex/texmfs/install/tex/generic/babel/spanish.sty
/home/vietspaceanh/.miktex/texmfs/install/tex/generic/babel/basque.sty
/home/vietspaceanh/.miktex/texmfs/install/tex/generic/babel/galician.sty
/home/vietspaceanh/.miktex/texmfs/install/tex/generic/babel/polish.sty
/home/vietspaceanh/.miktex/texmfs/install/tex/generic/babel/magyar.sty
/home/vietspaceanh/.miktex/texmfs/install/tex/generic/babel/interlingua.sty
/home/vietspaceanh/.miktex/texmfs/install/tex/generic/babel/UKenglish.sty
/home/vietspaceanh/.miktex/texmfs/install/tex/generic/babel/croatian.sty
/home/vietspaceanh/.miktex/texmfs/install/tex/generic/babel/italian.sty
/home/vietspaceanh/.miktex/texmfs/install/tex/generic/babel/afrikaans.sty
/home/vietspaceanh/.miktex/texmfs/install/tex/generic/babel/hebrew.sty
/home/vietspaceanh/.miktex/texmfs/install/tex/generic/babel/welsh.sty
/home/vietspaceanh/.miktex/texmfs/install/tex/generic/babel/czech.sty
/home/vietspaceanh/.miktex/texmfs/install/tex/generic/babel/irish.sty
/home/vietspaceanh/.miktex/texmfs/install/tex/generic/babel/albanian.sty
/home/vietspaceanh/.miktex/texmfs/install/tex/generic/babel/estonian.sty
/home/vietspaceanh/.miktex/texmfs/install/tex/generic/babel/scottish.sty
/home/vietspaceanh/.miktex/texmfs/install/tex/generic/babel/austrian.sty
/home/vietspaceanh/.miktex/texmfs/install/tex/generic/babel/usorbian.sty
/home/vietspaceanh/.miktex/texmfs/install/tex/generic/babel/icelandic.sty
/home/vietspaceanh/.miktex/texmfs/install/tex/generic/babel/greek.sty
/home/vietspaceanh/.miktex/texmfs/install/tex/generic/babel/USenglish.sty
/home/vietspaceanh/.miktex/texmfs/install/tex/generic/babel/turkish.sty
/home/vietspaceanh/.miktex/texmfs/install/tex/generic/babel/catalan.sty
/home/vietspaceanh/.miktex/texmfs/install/tex/generic/babel/bahasam.sty
/home/vietspaceanh/.miktex/texmfs/install/tex/generic/babel/slovene.sty
/home/vietspaceanh/.miktex/texmfs/install/tex/generic/babel/portuges.sty
/home/vietspaceanh/.miktex/texmfs/install/tex/generic/babel/american.sty
/home/vietspaceanh/.miktex/texmfs/install/tex/generic/babel/esperanto.sty
/home/vietspaceanh/.miktex/texmfs/install/tex/generic/babel/british.sty
/home/vietspaceanh/.miktex/texmfs/install/tex/generic/babel/danish.sty
/home/vietspaceanh/.miktex/texmfs/install/tex/generic/babel/swedish.sty
/home/vietspaceanh/.miktex/texmfs/install/tex/generic/babel/breton.sty
/home/vietspaceanh/.miktex/texmfs/install/tex/generic/babel/samin.sty
/home/vietspaceanh/.miktex/texmfs/install/tex/generic/babel/norsk.sty
/home/vietspaceanh/.miktex/texmfs/install/tex/generic/babel/slovak.sty
/home/vietspaceanh/.miktex/texmfs/install/tex/generic/babel/ukraineb.sty
/home/vietspaceanh/.miktex/texmfs/install/tex/generic/babel/finnish.sty
/home/vietspaceanh/.miktex/texmfs/install/tex/generic/babel/serbian.sty
/home/vietspaceanh/.miktex/texmfs/install/tex/generic/babel/latin.sty
/home/vietspaceanh/.miktex/texmfs/install/tex/generic/babel/romanian.sty
/home/vietspaceanh/.miktex/texmfs/install/tex/generic/tex4ht/tex4ht.sty
/home/vietspaceanh/.miktex/texmfs/install/tex/generic/atbegshi/atbegshi.sty
/home/vietspaceanh/.miktex/texmfs/install/tex/generic/oberdiek/telprint.sty
/home/vietspaceanh/.miktex/texmfs/install/tex/generic/oberdiek/hyphsubst.sty
/home/vietspaceanh/.miktex/texmfs/install/tex/generic/oberdiek/thepdfnumber.sty
/home/vietspaceanh/.miktex/texmfs/install/tex/generic/oberdiek/pdfcrypt.sty
/home/vietspaceanh/.miktex/texmfs/install/tex/generic/oberdiek/fibnum.sty
/home/vietspaceanh/.miktex/texmfs/install/tex/generic/oberdiek/pdfcol.sty
/home/vietspaceanh/.miktex/texmfs/install/tex/generic/oberdiek/setouterhbox.sty
/home/vietspaceanh/.miktex/texmfs/install/tex/generic/oberdiek/pdfrender.sty
/home/vietspaceanh/.miktex/texmfs/install/tex/generic/oberdiek/protecteddef.sty
/home/vietspaceanh/.miktex/texmfs/install/tex/generic/oberdiek/eolgrab.sty
/home/vietspaceanh/.miktex/texmfs/install/tex/generic/oberdiek/rotchiffre.sty
/home/vietspaceanh/.miktex/texmfs/install/tex/generic/oberdiek/iflang.sty
/home/vietspaceanh/.miktex/texmfs/install/tex/generic/oberdiek/engord.sty
/home/vietspaceanh/.miktex/texmfs/install/tex/generic/pgfplots/oldpgfcompatib/pgfplotsoldpgfsupp_tikzexternal.sty
/home/vietspaceanh/.miktex/texmfs/install/tex/generic/pgfplots/test/pgfplots.assert.sty
/home/vietspaceanh/.miktex/texmfs/install/tex/generic/bibtex/apalike.sty
/home/vietspaceanh/.miktex/texmfs/install/tex/generic/luatex85/luatex85.sty
/home/vietspaceanh/.miktex/texmfs/install/tex/generic/pdftexcmds/pdftexcmds.sty
/home/vietspaceanh/.miktex/texmfs/install/tex/generic/dvips/colordvi.sty
/home/vietspaceanh/.miktex/texmfs/install/tex/generic/dvips/rotate.sty
/home/vietspaceanh/.miktex/texmfs/install/tex/generic/dvips/blackdvi.sty
/home/vietspaceanh/.miktex/texmfs/install/tex/generic/iftex/ifpdf.sty
/home/vietspaceanh/.miktex/texmfs/install/tex/generic/iftex/ifluatex.sty
/home/vietspaceanh/.miktex/texmfs/install/tex/generic/iftex/ifxetex.sty
/home/vietspaceanh/.miktex/texmfs/install/tex/generic/iftex/iftex.sty
/home/vietspaceanh/.miktex/texmfs/install/tex/generic/iftex/ifvtex.sty
/home/vietspaceanh/.miktex/texmfs/install/tex/generic/iftex/ifetex.sty
/home/vietspaceanh/.miktex/texmfs/install/tex/generic/babel/bulgarian.sty
/home/vietspaceanh/.miktex/texmfs/install/tex/generic/babel/naustrian.sty
/home/vietspaceanh/.miktex/texmfs/install/tex/generic/babel/ngermanb.sty
/home/vietspaceanh/.miktex/texmfs/install/tex/generic/babel/francais.sty
/home/vietspaceanh/.miktex/texmfs/install/tex/generic/babel/lsorbian.sty
/home/vietspaceanh/.miktex/texmfs/install/tex/generic/babel/russianb.sty
/home/vietspaceanh/.miktex/texmfs/install/tex/generic/babel/germanb.sty
/home/vietspaceanh/.miktex/texmfs/install/tex/generic/babel/babel.sty
/home/vietspaceanh/.miktex/texmfs/install/tex/generic/babel/dutch.sty
/home/vietspaceanh/.miktex/texmfs/install/tex/generic/babel/english.sty
/home/vietspaceanh/.miktex/texmfs/install/tex/generic/babel/bahasa.sty
/home/vietspaceanh/.miktex/texmfs/install/tex/generic/babel/spanish.sty
/home/vietspaceanh/.miktex/texmfs/install/tex/generic/babel/basque.sty
/home/vietspaceanh/.miktex/texmfs/install/tex/generic/babel/galician.sty
/home/vietspaceanh/.miktex/texmfs/install/tex/generic/babel/polish.sty
/home/vietspaceanh/.miktex/texmfs/install/tex/generic/babel/magyar.sty
/home/vietspaceanh/.miktex/texmfs/install/tex/generic/babel/interlingua.sty
/home/vietspaceanh/.miktex/texmfs/install/tex/generic/babel/UKenglish.sty
/home/vietspaceanh/.miktex/texmfs/install/tex/generic/babel/croatian.sty
/home/vietspaceanh/.miktex/texmfs/install/tex/generic/babel/italian.sty
/home/vietspaceanh/.miktex/texmfs/install/tex/generic/babel/afrikaans.sty
/home/vietspaceanh/.miktex/texmfs/install/tex/generic/babel/hebrew.sty
/home/vietspaceanh/.miktex/texmfs/install/tex/generic/babel/welsh.sty
/home/vietspaceanh/.miktex/texmfs/install/tex/generic/babel/czech.sty
/home/vietspaceanh/.miktex/texmfs/install/tex/generic/babel/irish.sty
/home/vietspaceanh/.miktex/texmfs/install/tex/generic/babel/albanian.sty
/home/vietspaceanh/.miktex/texmfs/install/tex/generic/babel/estonian.sty
/home/vietspaceanh/.miktex/texmfs/install/tex/generic/babel/scottish.sty
/home/vietspaceanh/.miktex/texmfs/install/tex/generic/babel/austrian.sty
/home/vietspaceanh/.miktex/texmfs/install/tex/generic/babel/usorbian.sty
/home/vietspaceanh/.miktex/texmfs/install/tex/generic/babel/icelandic.sty
/home/vietspaceanh/.miktex/texmfs/install/tex/generic/babel/greek.sty
/home/vietspaceanh/.miktex/texmfs/install/tex/generic/babel/USenglish.sty
/home/vietspaceanh/.miktex/texmfs/install/tex/generic/babel/turkish.sty
/home/vietspaceanh/.miktex/texmfs/install/tex/generic/babel/catalan.sty
/home/vietspaceanh/.miktex/texmfs/install/tex/generic/babel/bahasam.sty
/home/vietspaceanh/.miktex/texmfs/install/tex/generic/babel/slovene.sty
/home/vietspaceanh/.miktex/texmfs/install/tex/generic/babel/portuges.sty
/home/vietspaceanh/.miktex/texmfs/install/tex/generic/babel/american.sty
/home/vietspaceanh/.miktex/texmfs/install/tex/generic/babel/esperanto.sty
/home/vietspaceanh/.miktex/texmfs/install/tex/generic/babel/british.sty
/home/vietspaceanh/.miktex/texmfs/install/tex/generic/babel/danish.sty
/home/vietspaceanh/.miktex/texmfs/install/tex/generic/babel/swedish.sty
/home/vietspaceanh/.miktex/texmfs/install/tex/generic/babel/breton.sty
/home/vietspaceanh/.miktex/texmfs/install/tex/generic/babel/samin.sty
/home/vietspaceanh/.miktex/texmfs/install/tex/generic/babel/norsk.sty
/home/vietspaceanh/.miktex/texmfs/install/tex/generic/babel/slovak.sty
/home/vietspaceanh/.miktex/texmfs/install/tex/generic/babel/ukraineb.sty
/home/vietspaceanh/.miktex/texmfs/install/tex/generic/babel/finnish.sty
/home/vietspaceanh/.miktex/texmfs/install/tex/generic/babel/serbian.sty
/home/vietspaceanh/.miktex/texmfs/install/tex/generic/babel/latin.sty
/home/vietspaceanh/.miktex/texmfs/install/tex/generic/babel/romanian.sty
/home/vietspaceanh/.miktex/texmfs/install/tex/generic/tex4ht/tex4ht.sty
/home/vietspaceanh/.miktex/texmfs/install/tex/generic/atbegshi/atbegshi.sty
/home/vietspaceanh/.miktex/texmfs/install/tex/generic/oberdiek/telprint.sty
/home/vietspaceanh/.miktex/texmfs/install/tex/generic/oberdiek/hyphsubst.sty
/home/vietspaceanh/.miktex/texmfs/install/tex/generic/oberdiek/thepdfnumber.sty
/home/vietspaceanh/.miktex/texmfs/install/tex/generic/oberdiek/pdfcrypt.sty
/home/vietspaceanh/.miktex/texmfs/install/tex/generic/oberdiek/fibnum.sty
/home/vietspaceanh/.miktex/texmfs/install/tex/generic/oberdiek/pdfcol.sty
/home/vietspaceanh/.miktex/texmfs/install/tex/generic/oberdiek/setouterhbox.sty
/home/vietspaceanh/.miktex/texmfs/install/tex/generic/oberdiek/pdfrender.sty
/home/vietspaceanh/.miktex/texmfs/install/tex/generic/oberdiek/protecteddef.sty
/home/vietspaceanh/.miktex/texmfs/install/tex/generic/oberdiek/eolgrab.sty
/home/vietspaceanh/.miktex/texmfs/install/tex/generic/oberdiek/rotchiffre.sty
/home/vietspaceanh/.miktex/texmfs/install/tex/generic/oberdiek/iflang.sty
/home/vietspaceanh/.miktex/texmfs/install/tex/generic/oberdiek/engord.sty
/home/vietspaceanh/.miktex/texmfs/install/tex/generic/pgfplots/oldpgfcompatib/pgfplotsoldpgfsupp_tikzexternal.sty
/home/vietspaceanh/.miktex/texmfs/install/tex/generic/pgfplots/test/pgfplots.assert.sty
/home/vietspaceanh/.miktex/texmfs/install/tex/generic/bibtex/apalike.sty
/home/vietspaceanh/.miktex/texmfs/install/tex/luatex/luaotfload/luaotfload.sty
/home/vietspaceanh/.miktex/texmfs/install/tex/latex/standalone/standalone.sty
/home/vietspaceanh/.miktex/texmfs/install/tex/latex/xcolor/xcolor.sty
/home/vietspaceanh/.miktex/texmfs/install/tex/latex/environ/environ.sty
/home/vietspaceanh/.miktex/texmfs/install/tex/latex/tcolorbox/tcolorbox.sty
/home/vietspaceanh/.miktex/texmfs/install/tex/latex/l3packages/xfp/xfp.sty
/home/vietspaceanh/.miktex/texmfs/install/tex/latex/l3packages/xfrac/xfrac.sty
/home/vietspaceanh/.miktex/texmfs/install/tex/latex/l3packages/l3keys2e/l3keys2e.sty
/home/vietspaceanh/.miktex/texmfs/install/tex/latex/l3packages/xparse/xparse.sty
/home/vietspaceanh/.miktex/texmfs/install/tex/latex/l3packages/xtemplate/xtemplate.sty
/home/vietspaceanh/.miktex/texmfs/install/tex/latex/amsmath/amsxtra.sty
/home/vietspaceanh/.miktex/texmfs/install/tex/latex/amsmath/amsmath-2018-12-01.sty
/home/vietspaceanh/.miktex/texmfs/install/tex/latex/amsmath/amsopn.sty
/home/vietspaceanh/.miktex/texmfs/install/tex/latex/amsmath/amsbsy.sty
/home/vietspaceanh/.miktex/texmfs/install/tex/latex/amsmath/amsmath.sty
/home/vietspaceanh/.miktex/texmfs/install/tex/latex/amsmath/amsgen.sty
/home/vietspaceanh/.miktex/texmfs/install/tex/latex/amsmath/amscd.sty
/home/vietspaceanh/.miktex/texmfs/install/tex/latex/amsmath/amstex.sty
/home/vietspaceanh/.miktex/texmfs/install/tex/latex/amsmath/amstext.sty
/home/vietspaceanh/.miktex/texmfs/install/tex/latex/hyperref/minitoc-hyper.sty
/home/vietspaceanh/.miktex/texmfs/install/tex/latex/hyperref/hyperref.sty
/home/vietspaceanh/.miktex/texmfs/install/tex/latex/hyperref/nameref.sty
/home/vietspaceanh/.miktex/texmfs/install/tex/latex/hyperref/xr-hyper.sty
/home/vietspaceanh/.miktex/texmfs/install/tex/latex/hyperref/backref.sty
/home/vietspaceanh/.miktex/texmfs/install/tex/latex/hyperref/ntheorem-hyper.sty
/home/vietspaceanh/.miktex/texmfs/install/tex/latex/hyperref/nohyperref.sty
/home/vietspaceanh/.miktex/texmfs/install/tex/latex/url/miscdoc.sty
/home/vietspaceanh/.miktex/texmfs/install/tex/latex/url/url.sty
/home/vietspaceanh/.miktex/texmfs/install/tex/latex/base/letter.sty
/home/vietspaceanh/.miktex/texmfs/install/tex/latex/base/slides.sty
/home/vietspaceanh/.miktex/texmfs/install/tex/latex/base/makeidx.sty
/home/vietspaceanh/.miktex/texmfs/install/tex/latex/base/newlfont.sty
/home/vietspaceanh/.miktex/texmfs/install/tex/latex/base/atveryend-ltx.sty
/home/vietspaceanh/.miktex/texmfs/install/tex/latex/base/ifthen.sty
/home/vietspaceanh/.miktex/texmfs/install/tex/latex/base/bezier.sty
/home/vietspaceanh/.miktex/texmfs/install/tex/latex/base/latexrelease.sty
/home/vietspaceanh/.miktex/texmfs/install/tex/latex/base/openbib.sty
/home/vietspaceanh/.miktex/texmfs/install/tex/latex/base/leqno.sty
/home/vietspaceanh/.miktex/texmfs/install/tex/latex/base/alltt.sty
/home/vietspaceanh/.miktex/texmfs/install/tex/latex/base/fixltx2e.sty
/home/vietspaceanh/.miktex/texmfs/install/tex/latex/base/textcomp-2018-08-11.sty
/home/vietspaceanh/.miktex/texmfs/install/tex/latex/base/inputenc.sty
/home/vietspaceanh/.miktex/texmfs/install/tex/latex/base/fltrace.sty
/home/vietspaceanh/.miktex/texmfs/install/tex/latex/base/fontenc.sty
/home/vietspaceanh/.miktex/texmfs/install/tex/latex/base/everyshi-ltx.sty
/home/vietspaceanh/.miktex/texmfs/install/tex/latex/base/graphpap.sty
/home/vietspaceanh/.miktex/texmfs/install/tex/latex/base/article.sty
/home/vietspaceanh/.miktex/texmfs/install/tex/latex/base/oldlfont.sty
/home/vietspaceanh/.miktex/texmfs/install/tex/latex/base/syntonly.sty
/home/vietspaceanh/.miktex/texmfs/install/tex/latex/base/exscale.sty
/home/vietspaceanh/.miktex/texmfs/install/tex/latex/base/flafter.sty
/home/vietspaceanh/.miktex/texmfs/install/tex/latex/base/proc.sty
/home/vietspaceanh/.miktex/texmfs/install/tex/latex/base/shortvrb.sty
/home/vietspaceanh/.miktex/texmfs/install/tex/latex/base/t1enc.sty
/home/vietspaceanh/.miktex/texmfs/install/tex/latex/base/book.sty
/home/vietspaceanh/.miktex/texmfs/install/tex/latex/base/tracefnt.sty
/home/vietspaceanh/.miktex/texmfs/install/tex/latex/base/textcomp.sty
/home/vietspaceanh/.miktex/texmfs/install/tex/latex/base/showidx.sty
/home/vietspaceanh/.miktex/texmfs/install/tex/latex/base/fix-cm.sty
/home/vietspaceanh/.miktex/texmfs/install/tex/latex/base/doc.sty
/home/vietspaceanh/.miktex/texmfs/install/tex/latex/base/structuredlog.sty
/home/vietspaceanh/.miktex/texmfs/install/tex/latex/base/report.sty
/home/vietspaceanh/.miktex/texmfs/install/tex/latex/base/atbegshi-ltx.sty
/home/vietspaceanh/.miktex/texmfs/install/tex/latex/base/latexsym.sty
/home/vietspaceanh/.miktex/texmfs/install/tex/latex/base/fleqn.sty
/home/vietspaceanh/.miktex/texmfs/install/tex/latex/listings/lstlang2.sty
/home/vietspaceanh/.miktex/texmfs/install/tex/latex/listings/lstlang1.sty
/home/vietspaceanh/.miktex/texmfs/install/tex/latex/listings/listings.sty
/home/vietspaceanh/.miktex/texmfs/install/tex/latex/listings/lstdoc.sty
/home/vietspaceanh/.miktex/texmfs/install/tex/latex/listings/lstlang3.sty
/home/vietspaceanh/.miktex/texmfs/install/tex/latex/listings/lstmisc.sty
/home/vietspaceanh/.miktex/texmfs/install/tex/latex/ms/everysel.sty
/home/vietspaceanh/.miktex/texmfs/install/tex/latex/ms/multitoc.sty
/home/vietspaceanh/.miktex/texmfs/install/tex/latex/ms/prelim2e.sty
/home/vietspaceanh/.miktex/texmfs/install/tex/latex/ms/count1to.sty
/home/vietspaceanh/.miktex/texmfs/install/tex/latex/ms/everyshi.sty
/home/vietspaceanh/.miktex/texmfs/install/tex/latex/etoolbox/etoolbox.sty
/home/vietspaceanh/.miktex/texmfs/install/tex/latex/l3kernel/expl3.sty
/home/vietspaceanh/.miktex/texmfs/install/tex/latex/graphics/graphicx.sty
/home/vietspaceanh/.miktex/texmfs/install/tex/latex/graphics/graphics.sty
/home/vietspaceanh/.miktex/texmfs/install/tex/latex/graphics/keyval.sty
/home/vietspaceanh/.miktex/texmfs/install/tex/latex/graphics/graphics-2017-06-25.sty
/home/vietspaceanh/.miktex/texmfs/install/tex/latex/graphics/rotating.sty
/home/vietspaceanh/.miktex/texmfs/install/tex/latex/graphics/epsfig.sty
/home/vietspaceanh/.miktex/texmfs/install/tex/latex/graphics/lscape.sty
/home/vietspaceanh/.miktex/texmfs/install/tex/latex/graphics/color.sty
/home/vietspaceanh/.miktex/texmfs/install/tex/latex/graphics/trig.sty
/home/vietspaceanh/.miktex/texmfs/install/tex/latex/firstaid/filehook-ltx.sty
/home/vietspaceanh/.miktex/texmfs/install/tex/latex/blindtext/blindtext.sty
/home/vietspaceanh/.miktex/texmfs/install/tex/latex/epstopdf-pkg/epstopdf-base.sty
/home/vietspaceanh/.miktex/texmfs/install/tex/latex/epstopdf-pkg/epstopdf.sty
/home/vietspaceanh/.miktex/texmfs/install/tex/latex/amsfonts/eucal.sty
/home/vietspaceanh/.miktex/texmfs/install/tex/latex/amsfonts/amsfonts.sty
/home/vietspaceanh/.miktex/texmfs/install/tex/latex/amsfonts/euscript.sty
/home/vietspaceanh/.miktex/texmfs/install/tex/latex/amsfonts/cmmib57.sty
/home/vietspaceanh/.miktex/texmfs/install/tex/latex/amsfonts/eufrak.sty
/home/vietspaceanh/.miktex/texmfs/install/tex/latex/amsfonts/amssymb.sty
/home/vietspaceanh/.miktex/texmfs/install/tex/latex/arabi/calendrierfpar.sty
/home/vietspaceanh/.miktex/texmfs/install/tex/latex/arabi/arabicfnt.sty
/home/vietspaceanh/.miktex/texmfs/install/tex/latex/arabi/PPRarabic.sty
/home/vietspaceanh/.miktex/texmfs/install/tex/latex/arabi/poetry.sty
/home/vietspaceanh/.miktex/texmfs/install/tex/latex/arabi/calendrierfpmodified.sty
/home/vietspaceanh/.miktex/texmfs/install/tex/latex/arabi/arabnovowel.sty
/home/vietspaceanh/.miktex/texmfs/install/tex/latex/arabi/lagally.sty
/home/vietspaceanh/.miktex/texmfs/install/tex/latex/arabi/frfonts.sty
/home/vietspaceanh/.miktex/texmfs/install/tex/latex/arabi/arfonts.sty
/home/vietspaceanh/.miktex/texmfs/install/tex/latex/arabi/arabicore.sty
/home/vietspaceanh/.miktex/texmfs/install/tex/latex/arabi/fnum.sty
/home/vietspaceanh/.miktex/texmfs/install/tex/latex/arabi/fmultico.sty
/home/vietspaceanh/.miktex/texmfs/install/tex/latex/arabi/farsifnt.sty
/home/vietspaceanh/.miktex/texmfs/install/tex/latex/arabi/translit.sty
/home/vietspaceanh/.miktex/texmfs/install/tex/latex/arabi/arabiftoday.sty
/home/vietspaceanh/.miktex/texmfs/install/tex/latex/arabi/haparabica.sty
/home/vietspaceanh/.miktex/texmfs/install/tex/latex/biblatex/biblatex.sty
/home/vietspaceanh/.miktex/texmfs/install/tex/latex/atveryend/atveryend.sty
/home/vietspaceanh/.miktex/texmfs/install/tex/latex/oberdiek/stampinclude.sty
/home/vietspaceanh/.miktex/texmfs/install/tex/latex/oberdiek/classlist.sty
/home/vietspaceanh/.miktex/texmfs/install/tex/latex/oberdiek/settobox.sty
/home/vietspaceanh/.miktex/texmfs/install/tex/latex/oberdiek/hypcap.sty
/home/vietspaceanh/.miktex/texmfs/install/tex/latex/oberdiek/pdfcolparcolumns.sty
/home/vietspaceanh/.miktex/texmfs/install/tex/latex/oberdiek/stackrel.sty
/home/vietspaceanh/.miktex/texmfs/install/tex/latex/oberdiek/bmpsize-base.sty
/home/vietspaceanh/.miktex/texmfs/install/tex/latex/oberdiek/ifdraft.sty
/home/vietspaceanh/.miktex/texmfs/install/tex/latex/oberdiek/pagegrid.sty
/home/vietspaceanh/.miktex/texmfs/install/tex/latex/oberdiek/aliascnt.sty
/home/vietspaceanh/.miktex/texmfs/install/tex/latex/oberdiek/dvipscol.sty
/home/vietspaceanh/.miktex/texmfs/install/tex/latex/oberdiek/tabularht.sty
/home/vietspaceanh/.miktex/texmfs/install/tex/latex/oberdiek/hypdoc.sty
/home/vietspaceanh/.miktex/texmfs/install/tex/latex/oberdiek/resizegather.sty
/home/vietspaceanh/.miktex/texmfs/install/tex/latex/oberdiek/pdfcolparallel.sty
/home/vietspaceanh/.miktex/texmfs/install/tex/latex/oberdiek/hypgotoe.sty
/home/vietspaceanh/.miktex/texmfs/install/tex/latex/oberdiek/bmpsize.sty
/home/vietspaceanh/.miktex/texmfs/install/tex/latex/oberdiek/flags.sty
/home/vietspaceanh/.miktex/texmfs/install/tex/latex/oberdiek/tabularkv.sty
/home/vietspaceanh/.miktex/texmfs/install/tex/latex/oberdiek/twoopt.sty
/home/vietspaceanh/.miktex/texmfs/install/tex/latex/oberdiek/chemarr.sty
/home/vietspaceanh/.miktex/texmfs/install/tex/latex/oberdiek/enparen.sty
/home/vietspaceanh/.miktex/texmfs/install/tex/latex/oberdiek/pdfcolfoot.sty
/home/vietspaceanh/.miktex/texmfs/install/tex/latex/oberdiek/centernot.sty
/home/vietspaceanh/.miktex/texmfs/install/tex/latex/oberdiek/colonequals.sty
/home/vietspaceanh/.miktex/texmfs/install/tex/latex/oberdiek/holtxdoc.sty
/home/vietspaceanh/.miktex/texmfs/install/tex/latex/oberdiek/scrindex.sty
/home/vietspaceanh/.miktex/texmfs/install/tex/latex/oberdiek/hypbmsec.sty
/home/vietspaceanh/.miktex/texmfs/install/tex/latex/cbcoptic/prnthyph.sty
/home/vietspaceanh/.miktex/texmfs/install/tex/latex/cbcoptic/coptic.sty
/home/vietspaceanh/.miktex/texmfs/install/tex/latex/ragged2e/ragged2e.sty
/home/vietspaceanh/.miktex/texmfs/install/tex/latex/pgfplots/pgfplots.sty
/home/vietspaceanh/.miktex/texmfs/install/tex/latex/pgfplots/bugtracker.sty
/home/vietspaceanh/.miktex/texmfs/install/tex/latex/pgfplots/pgfregressiontest.sty
/home/vietspaceanh/.miktex/texmfs/install/tex/latex/pgfplots/pgfplotstable.sty
/home/vietspaceanh/.miktex/texmfs/install/tex/latex/fontspec/fontspec-xetex.sty
/home/vietspaceanh/.miktex/texmfs/install/tex/latex/fontspec/fontspec.sty
/home/vietspaceanh/.miktex/texmfs/install/tex/latex/fontspec/fontspec-luatex.sty
/home/vietspaceanh/.miktex/texmfs/install/tex/latex/pgf/doc/pgfmanual.sty
/home/vietspaceanh/.miktex/texmfs/install/tex/latex/pgf/systemlayer/pgfsys.sty
/home/vietspaceanh/.miktex/texmfs/install/tex/latex/pgf/math/pgfmath.sty
/home/vietspaceanh/.miktex/texmfs/install/tex/latex/pgf/compatibility/pgfheaps.sty
/home/vietspaceanh/.miktex/texmfs/install/tex/latex/pgf/compatibility/pgflibraryplothandlers.sty
/home/vietspaceanh/.miktex/texmfs/install/tex/latex/pgf/compatibility/pgflibrarytikztrees.sty
/home/vietspaceanh/.miktex/texmfs/install/tex/latex/pgf/compatibility/pgflibraryshapes.sty
/home/vietspaceanh/.miktex/texmfs/install/tex/latex/pgf/compatibility/pgflibrarysnakes.sty
/home/vietspaceanh/.miktex/texmfs/install/tex/latex/pgf/compatibility/pgflibraryplotmarks.sty
/home/vietspaceanh/.miktex/texmfs/install/tex/latex/pgf/compatibility/pgfarrows.sty
/home/vietspaceanh/.miktex/texmfs/install/tex/latex/pgf/compatibility/pgfautomata.sty
/home/vietspaceanh/.miktex/texmfs/install/tex/latex/pgf/compatibility/pgfcomp-version-0-65.sty
/home/vietspaceanh/.miktex/texmfs/install/tex/latex/pgf/compatibility/pgflibraryarrows.sty
/home/vietspaceanh/.miktex/texmfs/install/tex/latex/pgf/compatibility/pgfnodes.sty
/home/vietspaceanh/.miktex/texmfs/install/tex/latex/pgf/compatibility/pgflibraryautomata.sty
/home/vietspaceanh/.miktex/texmfs/install/tex/latex/pgf/compatibility/pgfcomp-version-1-18.sty
/home/vietspaceanh/.miktex/texmfs/install/tex/latex/pgf/compatibility/pgfshade.sty
/home/vietspaceanh/.miktex/texmfs/install/tex/latex/pgf/compatibility/pgflibrarytikzbackgrounds.sty
/home/vietspaceanh/.miktex/texmfs/install/tex/latex/pgf/utilities/pgfrcs.sty
/home/vietspaceanh/.miktex/texmfs/install/tex/latex/pgf/utilities/pgfpages.sty
/home/vietspaceanh/.miktex/texmfs/install/tex/latex/pgf/utilities/pgfparser.sty
/home/vietspaceanh/.miktex/texmfs/install/tex/latex/pgf/utilities/pgfkeys.sty
/home/vietspaceanh/.miktex/texmfs/install/tex/latex/pgf/utilities/xxcolor.sty
/home/vietspaceanh/.miktex/texmfs/install/tex/latex/pgf/utilities/tikzexternal.sty
/home/vietspaceanh/.miktex/texmfs/install/tex/latex/pgf/utilities/pgfcalendar.sty
/home/vietspaceanh/.miktex/texmfs/install/tex/latex/pgf/utilities/pgffor.sty
/home/vietspaceanh/.miktex/texmfs/install/tex/latex/pgf/frontendlayer/pgfpict2e.sty
/home/vietspaceanh/.miktex/texmfs/install/tex/latex/pgf/frontendlayer/tikz.sty
/home/vietspaceanh/.miktex/texmfs/install/tex/latex/pgf/basiclayer/pgfbaselayers.sty
/home/vietspaceanh/.miktex/texmfs/install/tex/latex/pgf/basiclayer/pgf.sty
/home/vietspaceanh/.miktex/texmfs/install/tex/latex/pgf/basiclayer/pgfbaseimage.sty
/home/vietspaceanh/.miktex/texmfs/install/tex/latex/pgf/basiclayer/pgfbasesnakes.sty
/home/vietspaceanh/.miktex/texmfs/install/tex/latex/pgf/basiclayer/pgfcore.sty
/home/vietspaceanh/.miktex/texmfs/install/tex/latex/pgf/basiclayer/pgfbasepatterns.sty
/home/vietspaceanh/.miktex/texmfs/install/tex/latex/pgf/basiclayer/pgfbaseshapes.sty
/home/vietspaceanh/.miktex/texmfs/install/tex/latex/pgf/basiclayer/pgfbasematrix.sty
/home/vietspaceanh/.miktex/texmfs/install/tex/latex/pgf/basiclayer/pgfbaseplot.sty
/home/vietspaceanh/.miktex/texmfs/install/tex/latex/xkeyval/pst-xkey.sty
/home/vietspaceanh/.miktex/texmfs/install/tex/latex/xkeyval/xkvltxp.sty
/home/vietspaceanh/.miktex/texmfs/install/tex/latex/xkeyval/xkvesa.sty
/home/vietspaceanh/.miktex/texmfs/install/tex/latex/xkeyval/xkvesb.sty
/home/vietspaceanh/.miktex/texmfs/install/tex/latex/xkeyval/xkvesc.sty
/home/vietspaceanh/.miktex/texmfs/install/tex/latex/xkeyval/xkeyval.sty
/home/vietspaceanh/.miktex/texmfs/install/tex/latex/xkeyval/xkvview.sty
/home/vietspaceanh/.miktex/texmfs/install/tex/latex/tools/thb.sty
/home/vietspaceanh/.miktex/texmfs/install/tex/latex/tools/indentfirst.sty
/home/vietspaceanh/.miktex/texmfs/install/tex/latex/tools/trace.sty
/home/vietspaceanh/.miktex/texmfs/install/tex/latex/tools/thmb.sty
/home/vietspaceanh/.miktex/texmfs/install/tex/latex/tools/bm.sty
/home/vietspaceanh/.miktex/texmfs/install/tex/latex/tools/rawfonts.sty
/home/vietspaceanh/.miktex/texmfs/install/tex/latex/tools/tabularx.sty
/home/vietspaceanh/.miktex/texmfs/install/tex/latex/tools/multicol-2017-04-11.sty
/home/vietspaceanh/.miktex/texmfs/install/tex/latex/tools/thm.sty
/home/vietspaceanh/.miktex/texmfs/install/tex/latex/tools/longtable.sty
/home/vietspaceanh/.miktex/texmfs/install/tex/latex/tools/calc.sty
/home/vietspaceanh/.miktex/texmfs/install/tex/latex/tools/hhline.sty
/home/vietspaceanh/.miktex/texmfs/install/tex/latex/tools/array.sty
/home/vietspaceanh/.miktex/texmfs/install/tex/latex/tools/delarray.sty
/home/vietspaceanh/.miktex/texmfs/install/tex/latex/tools/thc.sty
/home/vietspaceanh/.miktex/texmfs/install/tex/latex/tools/theorem.sty
/home/vietspaceanh/.miktex/texmfs/install/tex/latex/tools/xr.sty
/home/vietspaceanh/.miktex/texmfs/install/tex/latex/tools/layout.sty
/home/vietspaceanh/.miktex/texmfs/install/tex/latex/tools/fontsmpl.sty
/home/vietspaceanh/.miktex/texmfs/install/tex/latex/tools/verbatim.sty
/home/vietspaceanh/.miktex/texmfs/install/tex/latex/tools/shellesc.sty
/home/vietspaceanh/.miktex/texmfs/install/tex/latex/tools/ftnright.sty
/home/vietspaceanh/.miktex/texmfs/install/tex/latex/tools/array-2016-10-06.sty
/home/vietspaceanh/.miktex/texmfs/install/tex/latex/tools/thcb.sty
/home/vietspaceanh/.miktex/texmfs/install/tex/latex/tools/thp.sty
/home/vietspaceanh/.miktex/texmfs/install/tex/latex/tools/showkeys.sty
/home/vietspaceanh/.miktex/texmfs/install/tex/latex/tools/xspace.sty
/home/vietspaceanh/.miktex/texmfs/install/tex/latex/tools/multicol.sty
/home/vietspaceanh/.miktex/texmfs/install/tex/latex/tools/varioref.sty
/home/vietspaceanh/.miktex/texmfs/install/tex/latex/tools/varioref-2016-02-16.sty
/home/vietspaceanh/.miktex/texmfs/install/tex/latex/tools/dcolumn.sty
/home/vietspaceanh/.miktex/texmfs/install/tex/latex/tools/enumerate.sty
/home/vietspaceanh/.miktex/texmfs/install/tex/latex/tools/somedefs.sty
/home/vietspaceanh/.miktex/texmfs/install/tex/latex/tools/afterpage.sty
/home/vietspaceanh/.miktex/texmfs/install/tex/latex/trimspaces/trimspaces.sty
/home/vietspaceanh/.miktex/texmfs/install/tex/latex/lm/lmodern.sty
